// Jest Snapshot v1, https://goo.gl/fbAQLP

exports[`Login should render correctly with content 1`] = `
<div
  action="[object Object]"
  aria-label="Success Alert"
  class="pf-c-alert pf-m-success ins-c-alert__logout"
  data-ouia-component-id="0"
  data-ouia-component-type="PF4/Alert"
  data-ouia-safe="true"
>
  <div
    class="pf-c-alert__icon"
  >
    <svg
      aria-hidden="true"
      fill="currentColor"
      height="1em"
      role="img"
      style="vertical-align: -0.125em;"
      viewBox="0 0 512 512"
      width="1em"
    >
      <path
        d="M504 256c0 136.967-111.033 248-248 248S8 392.967 8 256 119.033 8 256 8s248 111.033 248 248zM227.314 387.314l184-184c6.248-6.248 6.248-16.379 0-22.627l-22.627-22.627c-6.248-6.249-16.379-6.249-22.628 0L216 308.118l-70.059-70.059c-6.248-6.248-16.379-6.248-22.628 0l-22.627 22.627c-6.248 6.248-6.248 16.379 0 22.627l104 104c6.249 6.249 16.379 6.249 22.628.001z"
      />
    </svg>
  </div>
  <h4
    class="pf-c-alert__title"
  >
    <span
      class="pf-u-screen-reader"
    >
      Success alert:
    </span>
    You have successfully logged out.
  </h4>
  
</div>
`;

exports[`Login should render correctly with no content 1`] = `null`;
